// Jest Snapshot v1, https://goo.gl/fbAQLP

exports[`Matches Snapshot 1`] = `
<div>
  <p
    data-testid="clickerCountId"
  >
    You Clicked 
    <b />
     times
  </p>
  <button
    id="button1"
  >
    Start Clicking!
  </button>
</div>
`;
